[2026-06-14 09:33:30.257595] UPDATING USER ID: 30
  - Received Username: lol
  - Received Email: user_gdlgh_0@example.com
  - Received Preferences: None
  - DB User Found: user_gdlgh_0
[2026-06-15 11:20:11.377464] UPDATING USER ID: 24
  - Received Username: taiy
  - Received Email: taiy@gmail.com
  - Received Preferences: ["landmark"]
  - DB User Found: taiy
[2026-06-15 11:20:24.014058] UPDATING USER ID: 24
  - Received Username: taiy
  - Received Email: taiy@gmail.com
  - Received Preferences: ["landmark"]
  - DB User Found: taiy
[2026-06-15 11:24:13.477946] UPDATING USER ID: 22
  - Received Username: phoy
  - Received Email: phoy@gmail.com
  - Received Preferences: ["culture"]
  - DB User Found: phoy
[2026-06-15 11:28:06.193135] UPDATING USER ID: 28
  - Received Username: beer
  - Received Email: beer@gmail.com
  - Received Preferences: ["chill","landmark"]
  - DB User Found: beer
[2026-06-15 11:31:51.245105] UPDATING USER ID: 25
  - Received Username: boum
  - Received Email: boum@gmail.com
  - Received Preferences: ["chill"]
  - DB User Found: boum
